// Jest Snapshot v1, https://goo.gl/fbAQLP

exports[`login should render without crashing 1`] = `ShallowWrapper {}`;
