// Jest Snapshot v1, https://goo.gl/fbAQLP

exports[`<Menu/> should render admin menu without crashing 1`] = `ShallowWrapper {}`;

exports[`<Menu/> should render without crashing 1`] = `ShallowWrapper {}`;
